---Dinero IV cache simulator, version 7
---Written by Jan Edler and Mark D. Hill
---Copyright (C) 1997 NEC Research Institute, Inc. and Mark D. Hill.
---All rights reserved.
---Copyright (C) 1985, 1989 Mark D. Hill.  All rights reserved.
---See -copyright option for details

---Summary of options (-help option gives usage information).

-l1-usize 131072
-l1-ubsize 128
-l1-usbsize 128
-l1-uassoc 1024
-l1-urepl l
-l1-ufetch d
-l1-uwalloc a
-l1-uwback a
-l1-uccc
-skipcount 0
-flushcount 0
-maxcount 0
-stat-interval 0
-informat d
-on-trigger 0x0
-off-trigger 0x0

---Simulation begins.
---Simulation complete.
l1-ucache
 Metrics		      Total	      Instrn	       Data	       Read	      Write	       Misc
 -----------------	      ------	      ------	      ------	      ------	      ------	      ------
 Demand Fetches		    10000020	     7573410	     2426610	     1596310	      830300	           0
  Fraction of total	      1.0000	      0.7573	      0.2427	      0.1596	      0.0830	      0.0000

 Demand Misses		       25075	       18152	        6923	        3820	        3103	           0
  Demand miss rate	      0.0025	      0.0024	      0.0029	      0.0024	      0.0037	      0.0000
   Compulsory misses	        2461	        1772	         689	         388	         301	           0
   Capacity misses	       22614	       16380	        6234	        3432	        2802	           0
   Conflict misses	           0	           0	           0	           0	           0	           0
   Compulsory fraction	      0.0981	      0.0976	      0.0995	      0.1016	      0.0970	      0.0000
   Capacity fraction	      0.9019	      0.9024	      0.9005	      0.8984	      0.9030	      0.0000
   Conflict fraction	      0.0000	      0.0000	      0.0000	      0.0000	      0.0000	      0.0000

 Multi-block refs                 0
 Bytes From Memory	     3209600
 ( / Demand Fetches)	      0.3210
 Bytes To Memory	      465536
 ( / Demand Writes)	      0.5607
 Total Bytes r/w Mem	     3675136
 ( / Demand Fetches)	      0.3675

---Execution complete.
