---Dinero IV cache simulator, version 7
---Written by Jan Edler and Mark D. Hill
---Copyright (C) 1997 NEC Research Institute, Inc. and Mark D. Hill.
---All rights reserved.
---Copyright (C) 1985, 1989 Mark D. Hill.  All rights reserved.
---See -copyright option for details

---Summary of options (-help option gives usage information).

-l1-usize 131072
-l1-ubsize 128
-l1-usbsize 128
-l1-uassoc 4
-l1-urepl l
-l1-ufetch d
-l1-uwalloc a
-l1-uwback a
-l1-uccc
-skipcount 0
-flushcount 0
-maxcount 0
-stat-interval 0
-informat d
-on-trigger 0x0
-off-trigger 0x0

---Simulation begins.
---Simulation complete.
l1-ucache
 Metrics		      Total	      Instrn	       Data	       Read	      Write	       Misc
 -----------------	      ------	      ------	      ------	      ------	      ------	      ------
 Demand Fetches		    10000020	     7573410	     2426610	     1596310	      830300	           0
  Fraction of total	      1.0000	      0.7573	      0.2427	      0.1596	      0.0830	      0.0000

 Demand Misses		       27644	       20107	        7537	        4578	        2959	           0
  Demand miss rate	      0.0028	      0.0027	      0.0031	      0.0029	      0.0036	      0.0000
   Compulsory misses	        2461	        1772	         689	         388	         301	           0
   Capacity misses	       21860	       15985	        5875	        3305	        2570	           0
   Conflict misses	        3323	        2350	         973	         885	          88	           0
   Compulsory fraction	      0.0890	      0.0881	      0.0914	      0.0848	      0.1017	      0.0000
   Capacity fraction	      0.7908	      0.7950	      0.7795	      0.7219	      0.8685	      0.0000
   Conflict fraction	      0.1202	      0.1169	      0.1291	      0.1933	      0.0297	      0.0000

 Multi-block refs                 0
 Bytes From Memory	     3538432
 ( / Demand Fetches)	      0.3538
 Bytes To Memory	      464512
 ( / Demand Writes)	      0.5595
 Total Bytes r/w Mem	     4002944
 ( / Demand Fetches)	      0.4003

---Execution complete.
