---Dinero IV cache simulator, version 7
---Written by Jan Edler and Mark D. Hill
---Copyright (C) 1997 NEC Research Institute, Inc. and Mark D. Hill.
---All rights reserved.
---Copyright (C) 1985, 1989 Mark D. Hill.  All rights reserved.
---See -copyright option for details

---Summary of options (-help option gives usage information).

-l1-usize 262144
-l1-ubsize 128
-l1-usbsize 128
-l1-uassoc 2048
-l1-urepl l
-l1-ufetch d
-l1-uwalloc a
-l1-uwback a
-l1-uccc
-skipcount 0
-flushcount 0
-maxcount 0
-stat-interval 0
-informat d
-on-trigger 0x0
-off-trigger 0x0

---Simulation begins.
---Simulation complete.
l1-ucache
 Metrics		      Total	      Instrn	       Data	       Read	      Write	       Misc
 -----------------	      ------	      ------	      ------	      ------	      ------	      ------
 Demand Fetches		    10000020	     7573410	     2426610	     1596310	      830300	           0
  Fraction of total	      1.0000	      0.7573	      0.2427	      0.1596	      0.0830	      0.0000

 Demand Misses		       19689	       15242	        4447	        2259	        2188	           0
  Demand miss rate	      0.0020	      0.0020	      0.0018	      0.0014	      0.0026	      0.0000
   Compulsory misses	        2461	        1772	         689	         388	         301	           0
   Capacity misses	       17228	       13470	        3758	        1871	        1887	           0
   Conflict misses	           0	           0	           0	           0	           0	           0
   Compulsory fraction	      0.1250	      0.1163	      0.1549	      0.1718	      0.1376	      0.0000
   Capacity fraction	      0.8750	      0.8837	      0.8451	      0.8282	      0.8624	      0.0000
   Conflict fraction	      0.0000	      0.0000	      0.0000	      0.0000	      0.0000	      0.0000

 Multi-block refs                 0
 Bytes From Memory	     2520192
 ( / Demand Fetches)	      0.2520
 Bytes To Memory	      311552
 ( / Demand Writes)	      0.3752
 Total Bytes r/w Mem	     2831744
 ( / Demand Fetches)	      0.2832

---Execution complete.
