---Dinero IV cache simulator, version 7
---Written by Jan Edler and Mark D. Hill
---Copyright (C) 1997 NEC Research Institute, Inc. and Mark D. Hill.
---All rights reserved.
---Copyright (C) 1985, 1989 Mark D. Hill.  All rights reserved.
---See -copyright option for details

---Summary of options (-help option gives usage information).

-l1-usize 65536
-l1-ubsize 128
-l1-usbsize 128
-l1-uassoc 4
-l1-urepl l
-l1-ufetch d
-l1-uwalloc a
-l1-uwback a
-l1-uccc
-skipcount 0
-flushcount 0
-maxcount 0
-stat-interval 0
-informat d
-on-trigger 0x0
-off-trigger 0x0

---Simulation begins.
---Simulation complete.
l1-ucache
 Metrics		      Total	      Instrn	       Data	       Read	      Write	       Misc
 -----------------	      ------	      ------	      ------	      ------	      ------	      ------
 Demand Fetches		    10000020	     7573410	     2426610	     1596310	      830300	           0
  Fraction of total	      1.0000	      0.7573	      0.2427	      0.1596	      0.0830	      0.0000

 Demand Misses		       47567	       32576	       14991	       10967	        4024	           0
  Demand miss rate	      0.0048	      0.0043	      0.0062	      0.0069	      0.0048	      0.0000
   Compulsory misses	        2461	        1772	         689	         388	         301	           0
   Capacity misses	       32181	       22674	        9507	        6163	        3344	           0
   Conflict misses	       12925	        8130	        4795	        4416	         379	           0
   Compulsory fraction	      0.0517	      0.0544	      0.0460	      0.0354	      0.0748	      0.0000
   Capacity fraction	      0.6765	      0.6960	      0.6342	      0.5620	      0.8310	      0.0000
   Conflict fraction	      0.2717	      0.2496	      0.3199	      0.4027	      0.0942	      0.0000

 Multi-block refs                 0
 Bytes From Memory	     6088576
 ( / Demand Fetches)	      0.6089
 Bytes To Memory	      688768
 ( / Demand Writes)	      0.8295
 Total Bytes r/w Mem	     6777344
 ( / Demand Fetches)	      0.6777

---Execution complete.
